[debug] [2026-07-25T20:11:37.503Z] ----------------------------------------------------------------------
[debug] [2026-07-25T20:11:37.528Z] Command:       /data/data/com.termux/files/usr/bin/node /data/data/com.termux/files/usr/bin/firebase init
[debug] [2026-07-25T20:11:37.529Z] CLI Version:   15.24.0
[debug] [2026-07-25T20:11:37.530Z] Platform:      android
[debug] [2026-07-25T20:11:37.531Z] Node Version:  v26.3.1
[debug] [2026-07-25T20:11:37.532Z] Detected Agent: unknown
[debug] [2026-07-25T20:11:37.532Z] Time:          Sat Jul 25 2026 23:11:37 GMT+0300 (East Africa Time)
[debug] [2026-07-25T20:11:37.533Z] ----------------------------------------------------------------------
[debug] 
[debug] [2026-07-25T20:11:37.669Z] >>> [apiv2][query] GET https://firebase-public.firebaseio.com/cli.json [none]
[info] 
     ######## #### ########  ######## ########     ###     ######  ########
     ##        ##  ##     ## ##       ##     ##  ##   ##  ##       ##
     ######    ##  ########  ######   ########  #########  ######  ######
     ##        ##  ##    ##  ##       ##     ## ##     ##       ## ##
     ##       #### ##     ## ######## ########  ##     ##  ######  ########

You're about to initialize a Firebase project in this directory:

  /storage/emulated/0/MIDDLE EASTERN MARKET CENTRE

Before we get started, keep in mind:

  * You are currently outside your home directory

[debug] [2026-07-25T20:11:43.563Z] <<< [apiv2][status] GET https://firebase-public.firebaseio.com/cli.json 200
[debug] [2026-07-25T20:11:43.565Z] <<< [apiv2][body] GET https://firebase-public.firebaseio.com/cli.json {"cloudBuildErrorAfter":1594252800000,"cloudBuildWarnAfter":1590019200000,"defaultNode10After":1594252800000,"minVersion":"3.0.5","node8DeploysDisabledAfter":1613390400000,"node8RuntimeDisabledAfter":1615809600000,"node8WarnAfter":1600128000000}
[info] 
=== Project Setup
[info] 
[info] First, let's associate this project directory with a Firebase project.
[info] You can create multiple project aliases by running firebase use --add, 
[info] 
[debug] [2026-07-25T20:13:07.589Z] > command requires scopes: ["email","openid","https://www.googleapis.com/auth/cloudplatformprojects.readonly","https://www.googleapis.com/auth/firebase","https://www.googleapis.com/auth/cloud-platform"]
[debug] [2026-07-25T20:13:07.592Z] > authorizing via signed-in user (blackaifoundation@gmail.com)
[debug] [2026-07-25T20:13:07.598Z] Checked if tokens are valid: false, expires at: 1784583702565
[debug] [2026-07-25T20:13:07.600Z] Checked if tokens are valid: false, expires at: 1784583702565
[debug] [2026-07-25T20:13:07.602Z] > refreshing access token with scopes: []
[debug] [2026-07-25T20:13:07.619Z] >>> [apiv2][query] POST https://www.googleapis.com/oauth2/v3/token [none]
[debug] [2026-07-25T20:13:07.620Z] >>> [apiv2][body] POST https://www.googleapis.com/oauth2/v3/token [omitted]
[debug] [2026-07-25T20:13:08.252Z] <<< [apiv2][status] POST https://www.googleapis.com/oauth2/v3/token 200
[debug] [2026-07-25T20:13:08.254Z] <<< [apiv2][body] POST https://www.googleapis.com/oauth2/v3/token [omitted]
[debug] [2026-07-25T20:13:08.281Z] >>> [apiv2][query] GET https://firebase.googleapis.com/v1beta1/projects/middle-eastern-market-centre [none]
[debug] [2026-07-25T20:13:09.213Z] <<< [apiv2][status] GET https://firebase.googleapis.com/v1beta1/projects/middle-eastern-market-centre 200
[debug] [2026-07-25T20:13:09.216Z] <<< [apiv2][body] GET https://firebase.googleapis.com/v1beta1/projects/middle-eastern-market-centre {"projectId":"middle-eastern-market-centre","projectNumber":"1027347399712","displayName":"MIDDLE EASTERN MARKET CENTRE","name":"projects/middle-eastern-market-centre","resources":{"hostingSite":"middle-eastern-market-centre"},"state":"ACTIVE","labels":{"firebase":"enabled"},"etag":"1_a0bf9af7-8208-4166-96b4-3ca3612ffa8c"}
[info] i  Using project middle-eastern-market-centre (MIDDLE EASTERN MARKET CENTRE) . 
[info] 
=== Hosting Setup
[debug] [2026-07-25T20:13:09.324Z] Checked if tokens are valid: true, expires at: 1785013987257
[debug] [2026-07-25T20:13:09.325Z] Checked if tokens are valid: true, expires at: 1785013987257
[debug] [2026-07-25T20:13:09.326Z] >>> [apiv2][query] GET https://firebase.googleapis.com/v1beta1/projects/middle-eastern-market-centre [none]
[debug] [2026-07-25T20:13:09.662Z] <<< [apiv2][status] GET https://firebase.googleapis.com/v1beta1/projects/middle-eastern-market-centre 200
[debug] [2026-07-25T20:13:09.663Z] <<< [apiv2][body] GET https://firebase.googleapis.com/v1beta1/projects/middle-eastern-market-centre {"projectId":"middle-eastern-market-centre","projectNumber":"1027347399712","displayName":"MIDDLE EASTERN MARKET CENTRE","name":"projects/middle-eastern-market-centre","resources":{"hostingSite":"middle-eastern-market-centre"},"state":"ACTIVE","labels":{"firebase":"enabled"},"etag":"1_a0bf9af7-8208-4166-96b4-3ca3612ffa8c"}
[info] 
[info] Your public directory is the folder (relative to your project directory) that
[info] will contain Hosting assets to be uploaded with firebase deploy. If you
[info] have a build process for your assets, use your build's output directory.
[info] 
[info] 
[info] i  Didn't detect a .git folder. Assuming /storage/emulated/0/MIDDLE EASTERN MARKET CENTRE is the project root. 
[info] i  Authorizing with GitHub to upload your service account to a GitHub repository's secrets store. 
[info] 
[info] Visit this URL on this device to log in:
[info] https://github.com/login/oauth/authorize?client_id=89cf50f02ac6aaed3484&state=1055878710&redirect_uri=http%3A%2F%2Flocalhost%3A9005&scope=read%3Auser%20repo%20public_repo
[info] 
[info] Waiting for authentication...
[debug] [2026-07-25T20:15:15.595Z] >>> [apiv2][query] POST https://github.com/login/oauth/access_token [none]
[debug] [2026-07-25T20:15:15.609Z] >>> [apiv2][body] POST https://github.com/login/oauth/access_token [stream]
[debug] [2026-07-25T20:15:17.303Z] <<< [apiv2][status] POST https://github.com/login/oauth/access_token 200
[debug] [2026-07-25T20:15:17.305Z] <<< [apiv2][body] POST https://github.com/login/oauth/access_token {"access_token":"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","token_type":"bearer","scope":"read:user,repo"}
[debug] [2026-07-25T20:15:17.360Z] >>> [apiv2][query] GET https://api.github.com/user [none]
[debug] [2026-07-25T20:15:18.164Z] <<< [apiv2][status] GET https://api.github.com/user 200
[debug] [2026-07-25T20:15:18.167Z] <<< [apiv2][body] GET https://api.github.com/user {"login":"blackaifoundation1234-githu","id":244396048,"node_id":"U_kgDODpEwEA","avatar_url":"https://avatars.githubusercontent.com/u/244396048?v=4","gravatar_id":"","url":"https://api.github.com/users/blackaifoundation1234-githu","html_url":"https://github.com/blackaifoundation1234-githu","followers_url":"https://api.github.com/users/blackaifoundation1234-githu/followers","following_url":"https://api.github.com/users/blackaifoundation1234-githu/following{/other_user}","gists_url":"https://api.github.com/users/blackaifoundation1234-githu/gists{/gist_id}","starred_url":"https://api.github.com/users/blackaifoundation1234-githu/starred{/owner}{/repo}","subscriptions_url":"https://api.github.com/users/blackaifoundation1234-githu/subscriptions","organizations_url":"https://api.github.com/users/blackaifoundation1234-githu/orgs","repos_url":"https://api.github.com/users/blackaifoundation1234-githu/repos","events_url":"https://api.github.com/users/blackaifoundation1234-githu/events{/privacy}","received_events_url":"https://api.github.com/users/blackaifoundation1234-githu/received_events","type":"User","user_view_type":"private","site_admin":false,"name":"Hafidh Hussein","company":"Black ai foundation","blog":"https://middle-eastern-market-centre.web.app","location":"DAR ES SALAAM, TANZANIA","email":"blackaifoundation1234@gmail.com","hireable":true,"bio":null,"twitter_username":null,"notification_email":"blackaifoundation1234@gmail.com","public_repos":4,"public_gists":0,"followers":1,"following":2,"created_at":"2025-11-16T22:05:52Z","updated_at":"2026-07-11T22:04:00Z","private_gists":0,"total_private_repos":0,"owned_private_repos":0,"disk_usage":1499,"collaborators":0,"two_factor_authentication":false,"plan":{"name":"free","space":976562499,"collaborators":0,"private_repos":10000}}
[info] 
[info] ✔  Success! Logged into GitHub as blackaifoundation1234-githu 
[info] 
[debug] [2026-07-25T20:16:26.912Z] >>> [apiv2][query] GET https://api.github.com/repos/repository/actions/secrets/public-key type=owner
[debug] [2026-07-25T20:16:27.516Z] <<< [apiv2][status] GET https://api.github.com/repos/repository/actions/secrets/public-key 404
[debug] [2026-07-25T20:16:27.517Z] <<< [apiv2][body] GET https://api.github.com/repos/repository/actions/secrets/public-key {"message":"Not Found","documentation_url":"https://docs.github.com/rest","status":"404"}
[info] 
[info] 
[error] ⚠  The provided authorization cannot be used with this repository. If this repository is in an organization, did you remember to grant access? 
[info] 
[info] i  Action required: Visit this URL to ensure access has been granted to the appropriate organization(s) for the Firebase CLI GitHub OAuth App: 
[info] https://github.com/settings/connections/applications/89cf50f02ac6aaed3484
[info] 
[debug] [2026-07-25T20:16:32.872Z] >>> [apiv2][query] GET https://api.github.com/repos/repository/actions/secrets/public-key type=owner
[debug] [2026-07-25T20:16:33.550Z] <<< [apiv2][status] GET https://api.github.com/repos/repository/actions/secrets/public-key 404
[debug] [2026-07-25T20:16:33.550Z] <<< [apiv2][body] GET https://api.github.com/repos/repository/actions/secrets/public-key {"message":"Not Found","documentation_url":"https://docs.github.com/rest","status":"404"}
[info] 
[info] 
[error] ⚠  The provided authorization cannot be used with this repository. If this repository is in an organization, did you remember to grant access? 
[info] 
[info] i  Action required: Visit this URL to ensure access has been granted to the appropriate organization(s) for the Firebase CLI GitHub OAuth App: 
[info] https://github.com/settings/connections/applications/89cf50f02ac6aaed3484
[info] 
[debug] [2026-07-25T20:16:41.139Z] >>> [apiv2][query] GET https://api.github.com/repos/repository./actions/secrets/public-key type=owner
[debug] [2026-07-25T20:16:41.738Z] <<< [apiv2][status] GET https://api.github.com/repos/repository./actions/secrets/public-key 404
[debug] [2026-07-25T20:16:41.740Z] <<< [apiv2][body] GET https://api.github.com/repos/repository./actions/secrets/public-key {"message":"Not Found","documentation_url":"https://docs.github.com/rest","status":"404"}
[info] 
[info] 
[error] ⚠  The provided authorization cannot be used with this repository. If this repository is in an organization, did you remember to grant access? 
[info] 
[info] i  Action required: Visit this URL to ensure access has been granted to the appropriate organization(s) for the Firebase CLI GitHub OAuth App: 
[info] https://github.com/settings/connections/applications/89cf50f02ac6aaed3484
[info] 
